../Core/Src/main.c:225:13:OLED_GetGlyph	24	static
../Core/Src/main.c:515:5:main	24	static
../Core/Src/main.c:640:13:ADS1220_Select	8	static
../Core/Src/main.c:653:13:ADS1220_Deselect	8	static
../Core/Src/main.c:666:16:ADS1220_SPI_Transfer	32	static
../Core/Src/main.c:687:13:ADS1220_Reset	8	static
../Core/Src/main.c:705:13:ADS1220_WriteRegisters	8	static
../Core/Src/main.c:749:13:ADS1220_StartConversion	8	static
../Core/Src/main.c:762:16:ADS1220_ReadConversion	24	static
../Core/Src/main.c:834:14:CalculateResistance	24	static
../Core/Src/main.c:876:13:OLED_WriteCommand	32	static
../Core/Src/main.c:896:13:OLED_WriteData	160	static
../Core/Src/main.c:926:13:OLED_Init	8	static
../Core/Src/main.c:981:13:OLED_Clear	8	static
../Core/Src/main.c:994:13:OLED_UpdateScreen	16	static
../Core/Src/main.c:1020:13:OLED_SetCursor	24	static
../Core/Src/main.c:1057:13:OLED_WriteChar	32	static
../Core/Src/main.c:1081:13:OLED_WriteString	16	static
../Core/Src/main.c:1094:13:OLED_DrawCharScaled	40	static
../Core/Src/main.c:1150:13:OLED_DrawStringScaled	40	static
../Core/Src/main.c:1227:13:OLED_DrawSmallStringAt	24	static
../Core/Src/main.c:1271:13:OLED_DrawBigStringAt	40	static
../Core/Src/main.c:1350:13:OLED_DisplayTemperature	80	static
../Core/Src/main.c:1482:14:ResistanceToTemperature	32	static
../Core/Src/main.c:1539:6:SystemClock_Config	96	static
../Core/Src/main.c:1627:13:MX_I2C1_Init	8	static
../Core/Src/main.c:1682:13:MX_SPI1_Init	8	static
../Core/Src/main.c:1742:13:MX_GPIO_Init	48	static
../Core/Src/main.c:1930:6:Error_Handler	4	static,ignoring_inline_asm
